
[1m[30m[46m RUN [49m[39m[22m [36mv4.1.7 [39m[90mc:/Users/khatr/credex[39m

 [31m❯[39m src/__tests__/audit-engine.test.ts [2m([22m[2m0 test[22m[2m)[22m

[2m Test Files [22m [1m[31m1 failed[39m[22m[90m (1)[39m
[2m      Tests [22m [2mno tests[22m
[2m   Start at [22m 20:31:24
[2m   Duration [22m 3.19s[2m (transform 108ms, setup 0ms, import 0ms, tests 0ms, environment 2.46s)[22m

